// Jest Snapshot v1, https://goo.gl/fbAQLP

exports[`NoteDetailView renders NotFound component if no id. 1`] = `""`;
